2026-10-06T12:06:03.954783+01:00 dark-archon kernel: input: DJI Technology Co., Ltd. Wireless Mic Rx as /devices/virtual/input/input54
2026-10-06T12:06:03.954947+01:00 dark-archon kernel: input: DJI Technology Co., Ltd. Wireless Mic Rx as /devices/virtual/input/input55
2026-10-06T12:06:03.954985+01:00 dark-archon kernel: input: Logi Litra Glow Consumer Control as /devices/virtual/input/input56
2026-10-06T12:06:03.955734+01:00 dark-archon kernel: input: Video Bus as /devices/virtual/input/input57
2026-10-06T12:06:03.956733+01:00 dark-archon kernel: input: Toucan Keyboard as /devices/virtual/input/input58
2026-10-06T12:06:03.956808+01:00 dark-archon kernel: input: Toucan Mouse as /devices/virtual/input/input59
2026-10-06T12:06:03.957864+01:00 dark-archon kernel: input: LE-M&D MW65 (AVRCP) as /devices/virtual/input/input60
2026-10-06T12:06:13.816709+01:00 dark-archon kernel: warning: `ThreadPoolForeg' uses wireless extensions which will stop working for Wi-Fi 7 hardware; use nl80211
2026-10-06T12:06:55.346890+01:00 dark-archon kernel: block nvme0n1: No UUID available providing old NGUID
2026-10-06T12:08:02.907931+01:00 dark-archon kernel: usb 2-2: USB disconnect, device number 2
2026-10-06T12:09:40.624009+01:00 dark-archon kernel: usb 3-2: new high-speed USB device number 3 using xhci_hcd
2026-10-06T12:09:40.746965+01:00 dark-archon kernel: usb 3-2: New USB device found, idVendor=0451, idProduct=8442, bcdDevice= 1.00
2026-10-06T12:09:40.747476+01:00 dark-archon kernel: usb 3-2: New USB device strings: Mfr=0, Product=0, SerialNumber=1
2026-10-06T12:09:40.748145+01:00 dark-archon kernel: usb 3-2: SerialNumber: DF0000594591
2026-10-06T12:09:40.749936+01:00 dark-archon kernel: hub 3-2:1.0: USB hub found
2026-10-06T12:09:40.750677+01:00 dark-archon kernel: hub 3-2:1.0: 6 ports detected
2026-10-06T12:09:40.869887+01:00 dark-archon kernel: usbcore: registered new device driver onboard-usb-dev
2026-10-06T12:09:41.035120+01:00 dark-archon kernel: usb 3-2.5: new high-speed USB device number 4 using xhci_hcd
2026-10-06T12:09:41.118974+01:00 dark-archon kernel: usb 3-2.5: New USB device found, idVendor=0451, idProduct=82ff, bcdDevice= 1.00
2026-10-06T12:09:41.120339+01:00 dark-archon kernel: usb 3-2.5: New USB device strings: Mfr=0, Product=0, SerialNumber=1
2026-10-06T12:09:41.120937+01:00 dark-archon kernel: usb 3-2.5: SerialNumber: DF0000594591
2026-10-06T12:09:41.147885+01:00 dark-archon kernel: hid-generic 0003:0451:82FF.0007: hiddev96,hidraw6: USB HID v1.11 Device [HID 0451:82ff] on usb-0000:00:14.0-2.5/input0
2026-10-06T12:09:41.148513+01:00 dark-archon kernel: usbcore: registered new interface driver usbhid
2026-10-06T12:09:41.148553+01:00 dark-archon kernel: usbhid: USB HID core driver
2026-10-06T12:09:41.431054+01:00 dark-archon kernel: usb 3-2.1: new full-speed USB device number 5 using xhci_hcd
2026-10-06T12:09:42.267062+01:00 dark-archon kernel: usb 3-2.2: new high-speed USB device number 6 using xhci_hcd
2026-10-06T12:09:42.359042+01:00 dark-archon kernel: usb 3-2.2: New USB device found, idVendor=0bda, idProduct=5411, bcdDevice= 0.04
2026-10-06T12:09:42.365995+01:00 dark-archon kernel: usb 3-2.2: New USB device strings: Mfr=1, Product=2, SerialNumber=0
2026-10-06T12:09:42.367136+01:00 dark-archon kernel: usb 3-2.2: Product: USB2.1 Hub
2026-10-06T12:09:42.367686+01:00 dark-archon kernel: usb 3-2.2: Manufacturer: Generic
2026-10-06T12:09:42.368196+01:00 dark-archon kernel: hub 3-2.2:1.0: USB hub found
2026-10-06T12:09:42.368889+01:00 dark-archon kernel: hub 3-2.2:1.0: 4 ports detected
2026-10-06T12:09:42.663269+01:00 dark-archon kernel: usb 3-2.2.1: new full-speed USB device number 7 using xhci_hcd
2026-10-06T12:09:42.751078+01:00 dark-archon kernel: usb 3-2.2.1: New USB device found, idVendor=2ca3, idProduct=4011, bcdDevice= 0.00
2026-10-06T12:09:42.751845+01:00 dark-archon kernel: usb 3-2.2.1: config 1 has an invalid interface number: 6 but max is 3
2026-10-06T12:09:42.753633+01:00 dark-archon kernel: usb 3-2.2.1: config 1 has no interface number 2
2026-10-06T12:09:42.754956+01:00 dark-archon kernel: usb 3-2.2.1: New USB device strings: Mfr=1, Product=2, SerialNumber=3
2026-10-06T12:09:42.755633+01:00 dark-archon kernel: usb 3-2.2.1: Product: Wireless Mic Rx
2026-10-06T12:09:42.756163+01:00 dark-archon kernel: usb 3-2.2.1: Manufacturer: DJI Technology Co., Ltd.
2026-10-06T12:09:42.756639+01:00 dark-archon kernel: usb 3-2.2.1: SerialNumber: XSP12345678B
2026-10-06T12:09:42.770157+01:00 dark-archon kernel: input: DJI Technology Co., Ltd. Wireless Mic Rx Consumer Control as /devices/pci0000:00/0000:00:14.0/usb3/3-2/3-2.2/3-2.2.1/3-2.2.1:1.0/0003:2CA3:4011.0008/input/input61
2026-10-06T12:09:42.821701+01:00 dark-archon kernel: input: DJI Technology Co., Ltd. Wireless Mic Rx as /devices/pci0000:00/0000:00:14.0/usb3/3-2/3-2.2/3-2.2.1/3-2.2.1:1.0/0003:2CA3:4011.0008/input/input62
2026-10-06T12:09:42.824909+01:00 dark-archon kernel: input: DJI Technology Co., Ltd. Wireless Mic Rx as /devices/pci0000:00/0000:00:14.0/usb3/3-2/3-2.2/3-2.2.1/3-2.2.1:1.0/0003:2CA3:4011.0008/input/input63
2026-10-06T12:09:42.825995+01:00 dark-archon kernel: input: DJI Technology Co., Ltd. Wireless Mic Rx as /devices/pci0000:00/0000:00:14.0/usb3/3-2/3-2.2/3-2.2.1/3-2.2.1:1.0/0003:2CA3:4011.0008/input/input64
2026-10-06T12:09:42.826127+01:00 dark-archon kernel: hid-generic 0003:2CA3:4011.0008: input,hiddev97,hidraw7: USB HID v1.10 Device [DJI Technology Co., Ltd. Wireless Mic Rx] on usb-0000:00:14.0-2.2.1/input0
2026-10-06T12:09:42.905935+01:00 dark-archon kernel: usb 3-2.2.4: new full-speed USB device number 8 using xhci_hcd
2026-10-06T12:09:42.920043+01:00 dark-archon kernel: usbcore: registered new interface driver snd-usb-audio
2026-10-06T12:09:42.994915+01:00 dark-archon kernel: usb 3-2.2.4: New USB device found, idVendor=046d, idProduct=c900, bcdDevice= 1.00
2026-10-06T12:09:42.995883+01:00 dark-archon kernel: usb 3-2.2.4: New USB device strings: Mfr=1, Product=2, SerialNumber=3
2026-10-06T12:09:42.996349+01:00 dark-archon kernel: usb 3-2.2.4: Product: Litra Glow
2026-10-06T12:09:42.996556+01:00 dark-archon kernel: usb 3-2.2.4: Manufacturer: Logi
2026-10-06T12:09:42.996745+01:00 dark-archon kernel: usb 3-2.2.4: SerialNumber: 2301FE000M58
2026-10-06T12:09:43.002895+01:00 dark-archon kernel: input: Logi Litra Glow Consumer Control as /devices/pci0000:00/0000:00:14.0/usb3/3-2/3-2.2/3-2.2.4/3-2.2.4:1.0/0003:046D:C900.0009/input/input65
2026-10-06T12:09:43.053921+01:00 dark-archon kernel: hid-generic 0003:046D:C900.0009: input,hiddev98,hidraw8: USB HID v1.11 Device [Logi Litra Glow] on usb-0000:00:14.0-2.2.4/input0
2026-10-06T12:09:45.697998+01:00 dark-archon kernel: dell_wmi: Unknown key with type 0x0012 and code 0x0000 pressed
2026-10-06T12:09:58.714045+01:00 dark-archon kernel: ucsi_acpi USBC000:00: GET_CONNECTOR_STATUS failed (-110)
2026-10-06T12:10:08.954018+01:00 dark-archon kernel: ucsi_acpi USBC000:00: GET_CONNECTOR_STATUS failed (-110)
